// Jest Snapshot v1, https://goo.gl/fbAQLP

exports[`data integrity sorted code list matches the dataset snapshot 1`] = `
[
  "AAVE",
  "ADA",
  "AED",
  "AFN",
  "ALGO",
  "ALL",
  "AMD",
  "AOA",
  "APT",
  "ARB",
  "ARS",
  "ATOM",
  "AUD",
  "AVAX",
  "AWG",
  "AXS",
  "AZN",
  "BAM",
  "BBD",
  "BCH",
  "BDT",
  "BGN",
  "BHD",
  "BIF",
  "BMD",
  "BNB",
  "BND",
  "BOB",
  "BRL",
  "BSD",
  "BTC",
  "BTN",
  "BWP",
  "BYN",
  "BZD",
  "CAD",
  "CDF",
  "CHF",
  "CLP",
  "CNY",
  "COP",
  "CRC",
  "CRO",
  "CUP",
  "CVE",
  "CZK",
  "DAI",
  "DJF",
  "DKK",
  "DOGE",
  "DOP",
  "DOT",
  "DZD",
  "EGLD",
  "EGP",
  "ERN",
  "ETB",
  "ETC",
  "ETH",
  "EUR",
  "FIL",
  "FJD",
  "FKP",
  "FLOW",
  "GBP",
  "GEL",
  "GHS",
  "GIP",
  "GMD",
  "GNF",
  "GRT",
  "GTQ",
  "GYD",
  "HBAR",
  "HKD",
  "HNL",
  "HRK",
  "HTG",
  "HUF",
  "ICP",
  "IDR",
  "ILS",
  "INJ",
  "INR",
  "IQD",
  "IRR",
  "ISK",
  "JMD",
  "JOD",
  "JPY",
  "KAS",
  "KES",
  "KGS",
  "KHR",
  "KMF",
  "KPW",
  "KRW",
  "KWD",
  "KYD",
  "KZT",
  "LAK",
  "LBP",
  "LINK",
  "LKR",
  "LRD",
  "LSL",
  "LTC",
  "LYD",
  "MAD",
  "MATIC",
  "MDL",
  "MGA",
  "MKD",
  "MKR",
  "MMK",
  "MNT",
  "MOP",
  "MRU",
  "MUR",
  "MVR",
  "MWK",
  "MXN",
  "MYR",
  "MZN",
  "NAD",
  "NEAR",
  "NGN",
  "NIO",
  "NOK",
  "NPR",
  "NZD",
  "OKB",
  "OMR",
  "PAB",
  "PEN",
  "PGK",
  "PHP",
  "PKR",
  "PLN",
  "PYG",
  "QAR",
  "QNT",
  "RON",
  "RSD",
  "RUB",
  "RUNE",
  "RWF",
  "SAND",
  "SAR",
  "SBD",
  "SCR",
  "SDG",
  "SEK",
  "SGD",
  "SHIB",
  "SHP",
  "SLE",
  "SOL",
  "SOS",
  "SRD",
  "SSP",
  "STN",
  "STX",
  "SVC",
  "SYP",
  "SZL",
  "THB",
  "THETA",
  "TJS",
  "TMT",
  "TND",
  "TON",
  "TOP",
  "TRX",
  "TRY",
  "TTD",
  "TUSD",
  "TWD",
  "TZS",
  "UAH",
  "UGX",
  "UNI",
  "USD",
  "USDC",
  "USDT",
  "UYU",
  "UZS",
  "VES",
  "VET",
  "VND",
  "VUV",
  "WBTC",
  "WST",
  "XAF",
  "XCD",
  "XCG",
  "XLM",
  "XMR",
  "XOF",
  "XPF",
  "XRP",
  "XTZ",
  "YER",
  "ZAR",
  "ZMW",
  "ZWG",
]
`;
